npm notice run zhishuai-server@1.0.0 npx
npm notice run tsc --noEmit
