2026-08-15T09:29:36.6307511Z Current runner version: '2.336.0'
2026-08-15T09:29:36.6344953Z ##[group]Runner Image Provisioner
2026-08-15T09:29:36.6346631Z Hosted Compute Agent
2026-08-15T09:29:36.6348124Z Version: 20260729.566
2026-08-15T09:29:36.6349315Z Commit: cf7153fe6e25b664e8693c24944bf2b00355d109
2026-08-15T09:29:36.6350573Z Build Date: 2026-07-29T19:17:02Z
2026-08-15T09:29:36.6351934Z Worker ID: {bdecf95a-f696-4605-a384-64601a17fe7e}
2026-08-15T09:29:36.6353134Z Azure Region: eastus
2026-08-15T09:29:36.6354302Z ##[endgroup]
2026-08-15T09:29:36.6356647Z ##[group]Operating System
2026-08-15T09:29:36.6358063Z Ubuntu
2026-08-15T09:29:36.6359099Z 24.04.4
2026-08-15T09:29:36.6359947Z LTS
2026-08-15T09:29:36.6360937Z ##[endgroup]
2026-08-15T09:29:36.6361980Z ##[group]Runner Image
2026-08-15T09:29:36.6363725Z Image: ***-24.04
2026-08-15T09:29:36.6364754Z Version: 20260810.271.1
2026-08-15T09:29:36.6367329Z Included Software: https://github.com/actions/runner-images/blob/***24/20260810.271/images/***/Ubuntu2404-Readme.md
2026-08-15T09:29:36.6370225Z Image Release: https://github.com/actions/runner-images/releases/tag/***24%2F20260810.271
2026-08-15T09:29:36.6372026Z ##[endgroup]
2026-08-15T09:29:36.6374064Z ##[group]GITHUB_TOKEN Permissions
2026-08-15T09:29:36.6377326Z Contents: read
2026-08-15T09:29:36.6378416Z Metadata: read
2026-08-15T09:29:36.6379480Z Packages: read
2026-08-15T09:29:36.6380465Z ##[endgroup]
2026-08-15T09:29:36.6383731Z Secret source: Actions
2026-08-15T09:29:36.6385890Z Prepare workflow directory
2026-08-15T09:29:36.6867501Z Prepare all required actions
2026-08-15T09:29:36.6939681Z Getting action download info
2026-08-15T09:29:36.8993102Z Download action repository 'actions/checkout@v4' (SHA:11d5960a326750d5838078e36cf38b85af677262)
2026-08-15T09:29:37.0133237Z Download action repository 'appleboy/ssh-action@v1' (SHA:0ff4204d59e8e51228ff73bce53f80d53301dee2)
2026-08-15T09:29:37.2559077Z Complete job name: Deploy to Production
2026-08-15T09:29:37.3329433Z Node 20 is being deprecated. This workflow is running with Node 24 by default. If you need to temporarily use Node 20, you can set the ACTIONS_ALLOW_USE_UNSECURE_NODE_VERSION=true environment variable. For more information see: https://github.blog/changelog/2025-09-19-deprecation-of-node-20-on-github-actions-runners/
2026-08-15T09:29:37.3338899Z ##[group]Run actions/checkout@v4
2026-08-15T09:29:37.3339681Z with:
2026-08-15T09:29:37.3340164Z   repository: baizhiji/zhishuai
2026-08-15T09:29:37.3344106Z   token: ***
2026-08-15T09:29:37.3344581Z   ssh-strict: true
2026-08-15T09:29:37.3345056Z   ssh-user: git
2026-08-15T09:29:37.3345537Z   persist-credentials: true
2026-08-15T09:29:37.3346079Z   clean: true
2026-08-15T09:29:37.3346588Z   sparse-checkout-cone-mode: true
2026-08-15T09:29:37.3347339Z   fetch-depth: 1
2026-08-15T09:29:37.3347846Z   fetch-tags: false
2026-08-15T09:29:37.3348330Z   show-progress: true
2026-08-15T09:29:37.3348823Z   lfs: false
2026-08-15T09:29:37.3349329Z   submodules: false
2026-08-15T09:29:37.3349822Z   set-safe-directory: true
2026-08-15T09:29:37.3350362Z   allow-unsafe-pr-checkout: false
2026-08-15T09:29:37.3351170Z ##[endgroup]
2026-08-15T09:29:37.4411260Z Syncing repository: baizhiji/zhishuai
2026-08-15T09:29:37.4413216Z ##[group]Getting Git version info
2026-08-15T09:29:37.4413979Z Working directory is '/home/runner/work/zhishuai/zhishuai'
2026-08-15T09:29:37.4415089Z [command]/usr/bin/git version
2026-08-15T09:29:37.4469153Z git version 2.54.0
2026-08-15T09:29:37.4535951Z ##[endgroup]
2026-08-15T09:29:37.4545985Z Temporarily overriding HOME='/home/runner/work/_temp/1ad81a8f-11b4-4a1b-b68b-cbf23a6207b4' before making global git config changes
2026-08-15T09:29:37.4549043Z Adding repository directory to the temporary git global config as a safe directory
2026-08-15T09:29:37.4551566Z [command]/usr/bin/git config --global --add safe.directory /home/runner/work/zhishuai/zhishuai
2026-08-15T09:29:37.4607934Z Deleting the contents of '/home/runner/work/zhishuai/zhishuai'
2026-08-15T09:29:37.4613076Z ##[group]Initializing the repository
2026-08-15T09:29:37.4619826Z [command]/usr/bin/git init /home/runner/work/zhishuai/zhishuai
2026-08-15T09:29:37.4731945Z hint: Using 'master' as the name for the initial branch. This default branch name
2026-08-15T09:29:37.4733896Z hint: will change to "main" in Git 3.0. To configure the initial branch name
2026-08-15T09:29:37.4735455Z hint: to use in all of your new repositories, which will suppress this warning,
2026-08-15T09:29:37.4736670Z hint: call:
2026-08-15T09:29:37.4737540Z hint:
2026-08-15T09:29:37.4738450Z hint: 	git config --global init.defaultBranch <name>
2026-08-15T09:29:37.4739512Z hint:
2026-08-15T09:29:37.4740443Z hint: Names commonly chosen instead of 'master' are 'main', 'trunk' and
2026-08-15T09:29:37.4741964Z hint: 'development'. The just-created branch can be renamed via this command:
2026-08-15T09:29:37.4743262Z hint:
2026-08-15T09:29:37.4743999Z hint: 	git branch -m <name>
2026-08-15T09:29:37.4744768Z hint:
2026-08-15T09:29:37.4745923Z hint: Disable this message with "git config set advice.defaultBranchName false"
2026-08-15T09:29:37.4747868Z Initialized empty Git repository in /home/runner/work/zhishuai/zhishuai/.git/
2026-08-15T09:29:37.4751265Z [command]/usr/bin/git remote add origin https://github.com/baizhiji/zhishuai
2026-08-15T09:29:37.4806917Z ##[endgroup]
2026-08-15T09:29:37.4808422Z ##[group]Disabling automatic garbage collection
2026-08-15T09:29:37.4812517Z [command]/usr/bin/git config --local gc.auto 0
2026-08-15T09:29:37.4851908Z ##[endgroup]
2026-08-15T09:29:37.4853100Z ##[group]Setting up auth
2026-08-15T09:29:37.4859758Z [command]/usr/bin/git config --local --name-only --get-regexp core\.sshCommand
2026-08-15T09:29:37.4899116Z [command]/usr/bin/git submodule foreach --recursive sh -c "git config --local --name-only --get-regexp 'core\.sshCommand' && git config --local --unset-all 'core.sshCommand' || :"
2026-08-15T09:29:37.5266665Z [command]/usr/bin/git config --local --name-only --get-regexp http\.https\:\/\/github\.com\/\.extraheader
2026-08-15T09:29:37.5313931Z [command]/usr/bin/git submodule foreach --recursive sh -c "git config --local --name-only --get-regexp 'http\.https\:\/\/github\.com\/\.extraheader' && git config --local --unset-all 'http.https://github.com/.extraheader' || :"
2026-08-15T09:29:37.5543745Z [command]/usr/bin/git config --local --name-only --get-regexp ^includeIf\.gitdir:
2026-08-15T09:29:37.5581144Z [command]/usr/bin/git submodule foreach --recursive git config --local --show-origin --name-only --get-regexp remote.origin.url
2026-08-15T09:29:37.5813809Z [command]/usr/bin/git config --local http.https://github.com/.extraheader AUTHORIZATION: basic ***
2026-08-15T09:29:37.5854993Z ##[endgroup]
2026-08-15T09:29:37.5856465Z ##[group]Fetching the repository
2026-08-15T09:29:37.5866802Z [command]/usr/bin/git -c protocol.version=2 fetch --no-tags --prune --no-recurse-submodules --depth=1 origin +fd15c64f5c87551f1d25bae6c6bb69f4f3acaaca:refs/remotes/origin/main
2026-08-15T09:29:38.2753198Z From https://github.com/baizhiji/zhishuai
2026-08-15T09:29:38.2755558Z  * [new ref]         fd15c64f5c87551f1d25bae6c6bb69f4f3acaaca -> origin/main
2026-08-15T09:29:38.2793951Z ##[endgroup]
2026-08-15T09:29:38.2795903Z ##[group]Determining the checkout info
2026-08-15T09:29:38.2798105Z ##[endgroup]
2026-08-15T09:29:38.2805297Z [command]/usr/bin/git sparse-checkout disable
2026-08-15T09:29:38.2861773Z [command]/usr/bin/git config --local --unset-all extensions.worktreeConfig
2026-08-15T09:29:38.2896736Z ##[group]Checking out the ref
2026-08-15T09:29:38.2902376Z [command]/usr/bin/git checkout --progress --force -B main refs/remotes/origin/main
2026-08-15T09:29:38.3625268Z Switched to a new branch 'main'
2026-08-15T09:29:38.3627921Z branch 'main' set up to track 'origin/main'.
2026-08-15T09:29:38.3637454Z ##[endgroup]
2026-08-15T09:29:38.3683846Z [command]/usr/bin/git log -1 --format=%H
2026-08-15T09:29:38.3711400Z fd15c64f5c87551f1d25bae6c6bb69f4f3acaaca
2026-08-15T09:29:38.4450953Z ##[group]Run appleboy/ssh-action@v1
2026-08-15T09:29:38.4452213Z with:
2026-08-15T09:29:38.4453325Z   host: ***
2026-08-15T09:29:38.4454492Z   username: ***
2026-08-15T09:29:38.4455450Z   password: ***
2026-08-15T09:29:38.4460859Z   script: cd /var/www/zhishuai
# 服务器上可能存在未提交的手工修改，先 stash 再拉取，避免 pull 失败
git config user.email "ci@zhishuai.ai" || true
git config user.name "CI Bot" || true
git stash push -u -m "auto-stash-before-deploy-$(date +%s)" || true
git pull origin main

# 后端部署
cd server
npm ci 2>/dev/null || npm install
npx prisma generate
npx prisma db push --skip-generate
npm run build
pm2 restart zhishuai-api
cd ..

# 桌面安装包下载目录
mkdir -p /var/www/zhishuai/downloads

# 登录验证
cd scripts && bash verify-login.sh

2026-08-15T09:29:38.4466352Z   port: 22
2026-08-15T09:29:38.4467363Z   protocol: tcp
2026-08-15T09:29:38.4468273Z   timeout: 30s
2026-08-15T09:29:38.4469191Z   command_timeout: 10m
2026-08-15T09:29:38.4470148Z   proxy_port: 22
2026-08-15T09:29:38.4471162Z   proxy_protocol: tcp
2026-08-15T09:29:38.4472167Z   proxy_timeout: 30s
2026-08-15T09:29:38.4473130Z   curl_insecure: false
2026-08-15T09:29:38.4474117Z   capture_stdout: false
2026-08-15T09:29:38.4475132Z ##[endgroup]
2026-08-15T09:29:38.4547896Z ##[start-action display=Set GitHub Path;id=__appleboy_ssh-action.__run]
2026-08-15T09:29:38.4607802Z ##[group]Run echo "$GITHUB_ACTION_PATH" >> $GITHUB_PATH
2026-08-15T09:29:38.4609329Z [36;1mecho "$GITHUB_ACTION_PATH" >> $GITHUB_PATH[0m
2026-08-15T09:29:38.4653246Z shell: /usr/bin/bash --noprofile --norc -e -o pipefail {0}
2026-08-15T09:29:38.4654580Z env:
2026-08-15T09:29:38.4655775Z   GITHUB_ACTION_PATH: /home/runner/work/_actions/appleboy/ssh-action/v1
2026-08-15T09:29:38.4657385Z ##[endgroup]
2026-08-15T09:29:38.4773678Z ##[end-action id=__appleboy_ssh-action.__run;outcome=success;conclusion=success;duration_ms=22]
2026-08-15T09:29:38.4794122Z ##[start-action display=Run entrypoint.sh;id=__appleboy_ssh-action.entrypoint]
2026-08-15T09:29:38.4833851Z ##[group]Run entrypoint.sh
2026-08-15T09:29:38.4834895Z [36;1mentrypoint.sh[0m
2026-08-15T09:29:38.4874995Z shell: /usr/bin/bash --noprofile --norc -e -o pipefail {0}
2026-08-15T09:29:38.4876284Z env:
2026-08-15T09:29:38.4877590Z   GITHUB_ACTION_PATH: /home/runner/work/_actions/appleboy/ssh-action/v1
2026-08-15T09:29:38.4879139Z   INPUT_HOST: ***
2026-08-15T09:29:38.4880045Z   INPUT_PORT: 22
2026-08-15T09:29:38.4880964Z   INPUT_PROTOCOL: tcp
2026-08-15T09:29:38.4881946Z   INPUT_USERNAME: ***
2026-08-15T09:29:38.4882937Z   INPUT_PASSWORD: ***
2026-08-15T09:29:38.4883883Z   INPUT_PASSPHRASE: 
2026-08-15T09:29:38.4884797Z   INPUT_KEY: 
2026-08-15T09:29:38.4885661Z   INPUT_KEY_PATH: 
2026-08-15T09:29:38.4886571Z   INPUT_FINGERPRINT: 
2026-08-15T09:29:38.4887646Z   INPUT_PROXY_HOST: 
2026-08-15T09:29:38.4888600Z   INPUT_PROXY_PORT: 22
2026-08-15T09:29:38.4889556Z   INPUT_PROXY_USERNAME: 
2026-08-15T09:29:38.4890572Z   INPUT_PROXY_PASSWORD: 
2026-08-15T09:29:38.4891569Z   INPUT_PROXY_PASSPHRASE: 
2026-08-15T09:29:38.4892585Z   INPUT_PROXY_KEY: 
2026-08-15T09:29:38.4893510Z   INPUT_PROXY_KEY_PATH: 
2026-08-15T09:29:38.4894500Z   INPUT_PROXY_FINGERPRINT: 
2026-08-15T09:29:38.4895498Z   INPUT_TIMEOUT: 30s
2026-08-15T09:29:38.4896453Z   INPUT_PROXY_TIMEOUT: 30s
2026-08-15T09:29:38.4897590Z   INPUT_COMMAND_TIMEOUT: 10m
2026-08-15T09:29:38.4902678Z   INPUT_SCRIPT: cd /var/www/zhishuai
# 服务器上可能存在未提交的手工修改，先 stash 再拉取，避免 pull 失败
git config user.email "ci@zhishuai.ai" || true
git config user.name "CI Bot" || true
git stash push -u -m "auto-stash-before-deploy-$(date +%s)" || true
git pull origin main

# 后端部署
cd server
npm ci 2>/dev/null || npm install
npx prisma generate
npx prisma db push --skip-generate
npm run build
pm2 restart zhishuai-api
cd ..

# 桌面安装包下载目录
mkdir -p /var/www/zhishuai/downloads

# 登录验证
cd scripts && bash verify-login.sh

2026-08-15T09:29:38.4908159Z   INPUT_SCRIPT_FILE: 
2026-08-15T09:29:38.4909116Z   INPUT_ENVS: 
2026-08-15T09:29:38.4910011Z   INPUT_ENVS_FORMAT: 
2026-08-15T09:29:38.4910933Z   INPUT_DEBUG: 
2026-08-15T09:29:38.4912067Z   INPUT_ALL_ENVS: 
2026-08-15T09:29:38.4912997Z   INPUT_REQUEST_PTY: 
2026-08-15T09:29:38.4913969Z   INPUT_USE_INSECURE_CIPHER: 
2026-08-15T09:29:38.4915134Z   INPUT_CIPHER: 
2026-08-15T09:29:38.4916074Z   INPUT_PROXY_USE_INSECURE_CIPHER: 
2026-08-15T09:29:38.4917378Z   INPUT_PROXY_CIPHER: 
2026-08-15T09:29:38.4918312Z   INPUT_SYNC: 
2026-08-15T09:29:38.4919221Z   INPUT_CAPTURE_STDOUT: false
2026-08-15T09:29:38.4920255Z   INPUT_CURL_INSECURE: false
2026-08-15T09:29:38.4921262Z   DRONE_SSH_VERSION: 
2026-08-15T09:29:38.4922175Z ##[endgroup]
2026-08-15T09:29:38.5053179Z Downloading drone-ssh-1.8.2-linux-amd64 from https://github.com/appleboy/drone-ssh/releases/download/v1.8.2
2026-08-15T09:29:38.6085728Z ======= CLI Version Information =======
2026-08-15T09:29:38.6106224Z Drone SSH version 1.8.2
2026-08-15T09:29:38.6109418Z =======================================
2026-08-15T09:29:43.7602599Z 2026/08/15 09:29:43 ssh: handshake failed: ssh: unable to authenticate, attempted methods [none password], no supported methods remain
2026-08-15T09:29:43.7622730Z ##[error]Process completed with exit code 1.
2026-08-15T09:29:43.7634613Z ##[end-action id=__appleboy_ssh-action.entrypoint;outcome=failure;conclusion=failure;duration_ms=5283]
2026-08-15T09:29:43.7816842Z Node 20 is being deprecated. This workflow is running with Node 24 by default. If you need to temporarily use Node 20, you can set the ACTIONS_ALLOW_USE_UNSECURE_NODE_VERSION=true environment variable. For more information see: https://github.blog/changelog/2025-09-19-deprecation-of-node-20-on-github-actions-runners/
2026-08-15T09:29:43.7818723Z Post job cleanup.
2026-08-15T09:29:43.8680566Z [command]/usr/bin/git version
2026-08-15T09:29:43.8725841Z git version 2.54.0
2026-08-15T09:29:43.8800065Z Temporarily overriding HOME='/home/runner/work/_temp/32ca5738-a9ab-48ce-8f9e-9dac98a4f7d4' before making global git config changes
2026-08-15T09:29:43.8801585Z Adding repository directory to the temporary git global config as a safe directory
2026-08-15T09:29:43.8807915Z [command]/usr/bin/git config --global --add safe.directory /home/runner/work/zhishuai/zhishuai
2026-08-15T09:29:43.8850702Z [command]/usr/bin/git config --local --name-only --get-regexp core\.sshCommand
2026-08-15T09:29:43.8894157Z [command]/usr/bin/git submodule foreach --recursive sh -c "git config --local --name-only --get-regexp 'core\.sshCommand' && git config --local --unset-all 'core.sshCommand' || :"
2026-08-15T09:29:43.9149837Z [command]/usr/bin/git config --local --name-only --get-regexp http\.https\:\/\/github\.com\/\.extraheader
2026-08-15T09:29:43.9178940Z http.https://github.com/.extraheader
2026-08-15T09:29:43.9191122Z [command]/usr/bin/git config --local --unset-all http.https://github.com/.extraheader
2026-08-15T09:29:43.9226924Z [command]/usr/bin/git submodule foreach --recursive sh -c "git config --local --name-only --get-regexp 'http\.https\:\/\/github\.com\/\.extraheader' && git config --local --unset-all 'http.https://github.com/.extraheader' || :"
2026-08-15T09:29:43.9491460Z [command]/usr/bin/git config --local --name-only --get-regexp ^includeIf\.gitdir:
2026-08-15T09:29:43.9534597Z [command]/usr/bin/git submodule foreach --recursive git config --local --show-origin --name-only --get-regexp remote.origin.url
2026-08-15T09:29:43.9973469Z Cleaning up orphan processes
2026-08-15T09:29:44.0267488Z ##[warning]Node.js 20 is deprecated. The following actions target Node.js 20 but are being forced to run on Node.js 24: actions/checkout@v4. For more information see: https://github.blog/changelog/2025-09-19-deprecation-of-node-20-on-github-actions-runners/
