2026-08-15T09:11:20.5712480Z Current runner version: '2.336.0'
2026-08-15T09:11:20.5739252Z ##[group]Runner Image Provisioner
2026-08-15T09:11:20.5740268Z Hosted Compute Agent
2026-08-15T09:11:20.5740932Z Version: 20260729.566
2026-08-15T09:11:20.5741738Z Commit: cf7153fe6e25b664e8693c24944bf2b00355d109
2026-08-15T09:11:20.5742511Z Build Date: 2026-07-29T19:17:02Z
2026-08-15T09:11:20.5743257Z Worker ID: {20a62716-00ec-4d2d-8298-2f11c3ae012c}
2026-08-15T09:11:20.5744405Z Azure Region: westus
2026-08-15T09:11:20.5745038Z ##[endgroup]
2026-08-15T09:11:20.5746733Z ##[group]Operating System
2026-08-15T09:11:20.5747430Z Ubuntu
2026-08-15T09:11:20.5747980Z 24.04.4
2026-08-15T09:11:20.5748602Z LTS
2026-08-15T09:11:20.5749165Z ##[endgroup]
2026-08-15T09:11:20.5749893Z ##[group]Runner Image
2026-08-15T09:11:20.5750706Z Image: ***-24.04
2026-08-15T09:11:20.5751345Z Version: 20260810.271.1
2026-08-15T09:11:20.5752798Z Included Software: https://github.com/actions/runner-images/blob/***24/20260810.271/images/***/Ubuntu2404-Readme.md
2026-08-15T09:11:20.5755339Z Image Release: https://github.com/actions/runner-images/releases/tag/***24%2F20260810.271
2026-08-15T09:11:20.5756428Z ##[endgroup]
2026-08-15T09:11:20.5757714Z ##[group]GITHUB_TOKEN Permissions
2026-08-15T09:11:20.5760175Z Contents: read
2026-08-15T09:11:20.5760891Z Metadata: read
2026-08-15T09:11:20.5761514Z Packages: read
2026-08-15T09:11:20.5762188Z ##[endgroup]
2026-08-15T09:11:20.5764639Z Secret source: Actions
2026-08-15T09:11:20.5765874Z Prepare workflow directory
2026-08-15T09:11:20.6114835Z Prepare all required actions
2026-08-15T09:11:20.6166711Z Getting action download info
2026-08-15T09:11:20.9978059Z Download action repository 'actions/checkout@v4' (SHA:11d5960a326750d5838078e36cf38b85af677262)
2026-08-15T09:11:22.2604313Z Download action repository 'appleboy/ssh-action@v1' (SHA:0ff4204d59e8e51228ff73bce53f80d53301dee2)
2026-08-15T09:11:22.8064710Z Complete job name: Deploy to Production
2026-08-15T09:11:22.8968618Z Node 20 is being deprecated. This workflow is running with Node 24 by default. If you need to temporarily use Node 20, you can set the ACTIONS_ALLOW_USE_UNSECURE_NODE_VERSION=true environment variable. For more information see: https://github.blog/changelog/2025-09-19-deprecation-of-node-20-on-github-actions-runners/
2026-08-15T09:11:22.8980160Z ##[group]Run actions/checkout@v4
2026-08-15T09:11:22.8981484Z with:
2026-08-15T09:11:22.8982410Z   repository: baizhiji/zhishuai
2026-08-15T09:11:22.8991241Z   token: ***
2026-08-15T09:11:22.8992165Z   ssh-strict: true
2026-08-15T09:11:22.8993090Z   ssh-user: git
2026-08-15T09:11:22.8994210Z   persist-credentials: true
2026-08-15T09:11:22.8995254Z   clean: true
2026-08-15T09:11:22.8996222Z   sparse-checkout-cone-mode: true
2026-08-15T09:11:22.8997333Z   fetch-depth: 1
2026-08-15T09:11:22.8998252Z   fetch-tags: false
2026-08-15T09:11:22.8999224Z   show-progress: true
2026-08-15T09:11:22.9000191Z   lfs: false
2026-08-15T09:11:22.9001141Z   submodules: false
2026-08-15T09:11:22.9002104Z   set-safe-directory: true
2026-08-15T09:11:22.9003182Z   allow-unsafe-pr-checkout: false
2026-08-15T09:11:22.9004789Z ##[endgroup]
2026-08-15T09:11:23.0072042Z Syncing repository: baizhiji/zhishuai
2026-08-15T09:11:23.0076535Z ##[group]Getting Git version info
2026-08-15T09:11:23.0078838Z Working directory is '/home/runner/work/zhishuai/zhishuai'
2026-08-15T09:11:23.0082322Z [command]/usr/bin/git version
2026-08-15T09:11:23.2469946Z git version 2.54.0
2026-08-15T09:11:23.2529333Z ##[endgroup]
2026-08-15T09:11:23.2547288Z Temporarily overriding HOME='/home/runner/work/_temp/9eb93e00-54ad-462d-86ee-92ff0e136aae' before making global git config changes
2026-08-15T09:11:23.2552247Z Adding repository directory to the temporary git global config as a safe directory
2026-08-15T09:11:23.2556366Z [command]/usr/bin/git config --global --add safe.directory /home/runner/work/zhishuai/zhishuai
2026-08-15T09:11:23.2882935Z Deleting the contents of '/home/runner/work/zhishuai/zhishuai'
2026-08-15T09:11:23.2887770Z ##[group]Initializing the repository
2026-08-15T09:11:23.2894151Z [command]/usr/bin/git init /home/runner/work/zhishuai/zhishuai
2026-08-15T09:11:23.3716939Z hint: Using 'master' as the name for the initial branch. This default branch name
2026-08-15T09:11:23.3720996Z hint: will change to "main" in Git 3.0. To configure the initial branch name
2026-08-15T09:11:23.3723128Z hint: to use in all of your new repositories, which will suppress this warning,
2026-08-15T09:11:23.3725645Z hint: call:
2026-08-15T09:11:23.3727020Z hint:
2026-08-15T09:11:23.3728462Z hint: 	git config --global init.defaultBranch <name>
2026-08-15T09:11:23.3730102Z hint:
2026-08-15T09:11:23.3732123Z hint: Names commonly chosen instead of 'master' are 'main', 'trunk' and
2026-08-15T09:11:23.3735067Z hint: 'development'. The just-created branch can be renamed via this command:
2026-08-15T09:11:23.3737028Z hint:
2026-08-15T09:11:23.3737886Z hint: 	git branch -m <name>
2026-08-15T09:11:23.3738851Z hint:
2026-08-15T09:11:23.3740187Z hint: Disable this message with "git config set advice.defaultBranchName false"
2026-08-15T09:11:23.3742446Z Initialized empty Git repository in /home/runner/work/zhishuai/zhishuai/.git/
2026-08-15T09:11:23.3746081Z [command]/usr/bin/git remote add origin https://github.com/baizhiji/zhishuai
2026-08-15T09:11:23.4021392Z ##[endgroup]
2026-08-15T09:11:23.4023003Z ##[group]Disabling automatic garbage collection
2026-08-15T09:11:23.4026759Z [command]/usr/bin/git config --local gc.auto 0
2026-08-15T09:11:23.4063226Z ##[endgroup]
2026-08-15T09:11:23.4065041Z ##[group]Setting up auth
2026-08-15T09:11:23.4070201Z [command]/usr/bin/git config --local --name-only --get-regexp core\.sshCommand
2026-08-15T09:11:23.4109406Z [command]/usr/bin/git submodule foreach --recursive sh -c "git config --local --name-only --get-regexp 'core\.sshCommand' && git config --local --unset-all 'core.sshCommand' || :"
2026-08-15T09:11:23.6895819Z [command]/usr/bin/git config --local --name-only --get-regexp http\.https\:\/\/github\.com\/\.extraheader
2026-08-15T09:11:23.6933690Z [command]/usr/bin/git submodule foreach --recursive sh -c "git config --local --name-only --get-regexp 'http\.https\:\/\/github\.com\/\.extraheader' && git config --local --unset-all 'http.https://github.com/.extraheader' || :"
2026-08-15T09:11:23.7162202Z [command]/usr/bin/git config --local --name-only --get-regexp ^includeIf\.gitdir:
2026-08-15T09:11:23.7202853Z [command]/usr/bin/git submodule foreach --recursive git config --local --show-origin --name-only --get-regexp remote.origin.url
2026-08-15T09:11:23.7433066Z [command]/usr/bin/git config --local http.https://github.com/.extraheader AUTHORIZATION: basic ***
2026-08-15T09:11:23.7472749Z ##[endgroup]
2026-08-15T09:11:23.7474705Z ##[group]Fetching the repository
2026-08-15T09:11:23.7483753Z [command]/usr/bin/git -c protocol.version=2 fetch --no-tags --prune --no-recurse-submodules --depth=1 origin +cd068a8f2e3000e83be134dd4fefdf2c65e35e37:refs/remotes/origin/main
2026-08-15T09:11:25.0955610Z From https://github.com/baizhiji/zhishuai
2026-08-15T09:11:25.0956768Z  * [new ref]         cd068a8f2e3000e83be134dd4fefdf2c65e35e37 -> origin/main
2026-08-15T09:11:25.1178527Z ##[endgroup]
2026-08-15T09:11:25.1179386Z ##[group]Determining the checkout info
2026-08-15T09:11:25.1180716Z ##[endgroup]
2026-08-15T09:11:25.1188096Z [command]/usr/bin/git sparse-checkout disable
2026-08-15T09:11:25.1368008Z [command]/usr/bin/git config --local --unset-all extensions.worktreeConfig
2026-08-15T09:11:25.1403621Z ##[group]Checking out the ref
2026-08-15T09:11:25.1408733Z [command]/usr/bin/git checkout --progress --force -B main refs/remotes/origin/main
2026-08-15T09:11:25.2189178Z Switched to a new branch 'main'
2026-08-15T09:11:25.2190388Z branch 'main' set up to track 'origin/main'.
2026-08-15T09:11:25.2201021Z ##[endgroup]
2026-08-15T09:11:25.2248284Z [command]/usr/bin/git log -1 --format=%H
2026-08-15T09:11:25.2275879Z cd068a8f2e3000e83be134dd4fefdf2c65e35e37
2026-08-15T09:11:25.2741966Z ##[group]Run appleboy/ssh-action@v1
2026-08-15T09:11:25.2742334Z with:
2026-08-15T09:11:25.2742722Z   host: ***
2026-08-15T09:11:25.2743188Z   username: ***
2026-08-15T09:11:25.2743441Z   password: ***
2026-08-15T09:11:25.2745664Z   script: cd /var/www/zhishuai
# 服务器上可能存在未提交的手工修改，先 stash 再拉取，避免 pull 失败
git config user.email "ci@zhishuai.ai" || true
git config user.name "CI Bot" || true
git stash push -u -m "auto-stash-before-deploy-$(date +%s)" || true
git pull origin main

# 后端部署
cd server
npm ci 2>/dev/null || npm install
npx prisma generate
npx prisma db push --skip-generate
npm run build
pm2 restart zhishuai-api
cd ..

# 桌面安装包下载目录
mkdir -p /var/www/zhishuai/downloads

# 登录验证
cd scripts && bash verify-login.sh

2026-08-15T09:11:25.2747446Z   port: 22
2026-08-15T09:11:25.2747657Z   protocol: tcp
2026-08-15T09:11:25.2747878Z   timeout: 30s
2026-08-15T09:11:25.2748112Z   command_timeout: 10m
2026-08-15T09:11:25.2748361Z   proxy_port: 22
2026-08-15T09:11:25.2748648Z   proxy_protocol: tcp
2026-08-15T09:11:25.2748889Z   proxy_timeout: 30s
2026-08-15T09:11:25.2749155Z   curl_insecure: false
2026-08-15T09:11:25.2749422Z   capture_stdout: false
2026-08-15T09:11:25.2749697Z ##[endgroup]
2026-08-15T09:11:25.2814463Z ##[start-action display=Set GitHub Path;id=__appleboy_ssh-action.__run]
2026-08-15T09:11:25.2853686Z ##[group]Run echo "$GITHUB_ACTION_PATH" >> $GITHUB_PATH
2026-08-15T09:11:25.2854525Z [36;1mecho "$GITHUB_ACTION_PATH" >> $GITHUB_PATH[0m
2026-08-15T09:11:25.2896381Z shell: /usr/bin/bash --noprofile --norc -e -o pipefail {0}
2026-08-15T09:11:25.2896767Z env:
2026-08-15T09:11:25.2897090Z   GITHUB_ACTION_PATH: /home/runner/work/_actions/appleboy/ssh-action/v1
2026-08-15T09:11:25.2897480Z ##[endgroup]
2026-08-15T09:11:25.2997164Z ##[end-action id=__appleboy_ssh-action.__run;outcome=success;conclusion=success;duration_ms=18]
2026-08-15T09:11:25.3010232Z ##[start-action display=Run entrypoint.sh;id=__appleboy_ssh-action.entrypoint]
2026-08-15T09:11:25.3029238Z ##[group]Run entrypoint.sh
2026-08-15T09:11:25.3029521Z [36;1mentrypoint.sh[0m
2026-08-15T09:11:25.3066331Z shell: /usr/bin/bash --noprofile --norc -e -o pipefail {0}
2026-08-15T09:11:25.3066815Z env:
2026-08-15T09:11:25.3067171Z   GITHUB_ACTION_PATH: /home/runner/work/_actions/appleboy/ssh-action/v1
2026-08-15T09:11:25.3067654Z   INPUT_HOST: ***
2026-08-15T09:11:25.3067879Z   INPUT_PORT: 22
2026-08-15T09:11:25.3068103Z   INPUT_PROTOCOL: tcp
2026-08-15T09:11:25.3068366Z   INPUT_USERNAME: ***
2026-08-15T09:11:25.3068620Z   INPUT_PASSWORD: ***
2026-08-15T09:11:25.3068848Z   INPUT_PASSPHRASE: 
2026-08-15T09:11:25.3069070Z   INPUT_KEY: 
2026-08-15T09:11:25.3069287Z   INPUT_KEY_PATH: 
2026-08-15T09:11:25.3069505Z   INPUT_FINGERPRINT: 
2026-08-15T09:11:25.3069732Z   INPUT_PROXY_HOST: 
2026-08-15T09:11:25.3069964Z   INPUT_PROXY_PORT: 22
2026-08-15T09:11:25.3070199Z   INPUT_PROXY_USERNAME: 
2026-08-15T09:11:25.3070443Z   INPUT_PROXY_PASSWORD: 
2026-08-15T09:11:25.3070689Z   INPUT_PROXY_PASSPHRASE: 
2026-08-15T09:11:25.3070953Z   INPUT_PROXY_KEY: 
2026-08-15T09:11:25.3071178Z   INPUT_PROXY_KEY_PATH: 
2026-08-15T09:11:25.3071418Z   INPUT_PROXY_FINGERPRINT: 
2026-08-15T09:11:25.3071670Z   INPUT_TIMEOUT: 30s
2026-08-15T09:11:25.3071899Z   INPUT_PROXY_TIMEOUT: 30s
2026-08-15T09:11:25.3072146Z   INPUT_COMMAND_TIMEOUT: 10m
2026-08-15T09:11:25.3074394Z   INPUT_SCRIPT: cd /var/www/zhishuai
# 服务器上可能存在未提交的手工修改，先 stash 再拉取，避免 pull 失败
git config user.email "ci@zhishuai.ai" || true
git config user.name "CI Bot" || true
git stash push -u -m "auto-stash-before-deploy-$(date +%s)" || true
git pull origin main

# 后端部署
cd server
npm ci 2>/dev/null || npm install
npx prisma generate
npx prisma db push --skip-generate
npm run build
pm2 restart zhishuai-api
cd ..

# 桌面安装包下载目录
mkdir -p /var/www/zhishuai/downloads

# 登录验证
cd scripts && bash verify-login.sh

2026-08-15T09:11:25.3076192Z   INPUT_SCRIPT_FILE: 
2026-08-15T09:11:25.3076422Z   INPUT_ENVS: 
2026-08-15T09:11:25.3076630Z   INPUT_ENVS_FORMAT: 
2026-08-15T09:11:25.3076849Z   INPUT_DEBUG: 
2026-08-15T09:11:25.3077279Z   INPUT_ALL_ENVS: 
2026-08-15T09:11:25.3077514Z   INPUT_REQUEST_PTY: 
2026-08-15T09:11:25.3077749Z   INPUT_USE_INSECURE_CIPHER: 
2026-08-15T09:11:25.3078140Z   INPUT_CIPHER: 
2026-08-15T09:11:25.3078364Z   INPUT_PROXY_USE_INSECURE_CIPHER: 
2026-08-15T09:11:25.3078633Z   INPUT_PROXY_CIPHER: 
2026-08-15T09:11:25.3078860Z   INPUT_SYNC: 
2026-08-15T09:11:25.3079077Z   INPUT_CAPTURE_STDOUT: false
2026-08-15T09:11:25.3079332Z   INPUT_CURL_INSECURE: false
2026-08-15T09:11:25.3079574Z   DRONE_SSH_VERSION: 
2026-08-15T09:11:25.3079787Z ##[endgroup]
2026-08-15T09:11:25.3193735Z Downloading drone-ssh-1.8.2-linux-amd64 from https://github.com/appleboy/drone-ssh/releases/download/v1.8.2
2026-08-15T09:11:25.4379540Z ======= CLI Version Information =======
2026-08-15T09:11:25.4399480Z Drone SSH version 1.8.2
2026-08-15T09:11:25.4402990Z =======================================
2026-08-15T09:11:31.4695445Z 2026/08/15 09:11:31 ssh: handshake failed: ssh: unable to authenticate, attempted methods [none password], no supported methods remain
2026-08-15T09:11:31.4719239Z ##[error]Process completed with exit code 1.
2026-08-15T09:11:31.4731200Z ##[end-action id=__appleboy_ssh-action.entrypoint;outcome=failure;conclusion=failure;duration_ms=6172]
2026-08-15T09:11:31.4887127Z Node 20 is being deprecated. This workflow is running with Node 24 by default. If you need to temporarily use Node 20, you can set the ACTIONS_ALLOW_USE_UNSECURE_NODE_VERSION=true environment variable. For more information see: https://github.blog/changelog/2025-09-19-deprecation-of-node-20-on-github-actions-runners/
2026-08-15T09:11:31.4888661Z Post job cleanup.
2026-08-15T09:11:31.5735613Z [command]/usr/bin/git version
2026-08-15T09:11:31.5772042Z git version 2.54.0
2026-08-15T09:11:31.5818048Z Temporarily overriding HOME='/home/runner/work/_temp/9abf30ac-7c4c-4452-ae44-79acf53d76d6' before making global git config changes
2026-08-15T09:11:31.5819484Z Adding repository directory to the temporary git global config as a safe directory
2026-08-15T09:11:31.5823232Z [command]/usr/bin/git config --global --add safe.directory /home/runner/work/zhishuai/zhishuai
2026-08-15T09:11:31.5868617Z [command]/usr/bin/git config --local --name-only --get-regexp core\.sshCommand
2026-08-15T09:11:31.5906137Z [command]/usr/bin/git submodule foreach --recursive sh -c "git config --local --name-only --get-regexp 'core\.sshCommand' && git config --local --unset-all 'core.sshCommand' || :"
2026-08-15T09:11:31.6203625Z [command]/usr/bin/git config --local --name-only --get-regexp http\.https\:\/\/github\.com\/\.extraheader
2026-08-15T09:11:31.6233763Z http.https://github.com/.extraheader
2026-08-15T09:11:31.6253708Z [command]/usr/bin/git config --local --unset-all http.https://github.com/.extraheader
2026-08-15T09:11:31.6290554Z [command]/usr/bin/git submodule foreach --recursive sh -c "git config --local --name-only --get-regexp 'http\.https\:\/\/github\.com\/\.extraheader' && git config --local --unset-all 'http.https://github.com/.extraheader' || :"
2026-08-15T09:11:31.6551202Z [command]/usr/bin/git config --local --name-only --get-regexp ^includeIf\.gitdir:
2026-08-15T09:11:31.6595570Z [command]/usr/bin/git submodule foreach --recursive git config --local --show-origin --name-only --get-regexp remote.origin.url
2026-08-15T09:11:31.7017296Z Cleaning up orphan processes
2026-08-15T09:11:31.7283186Z ##[warning]Node.js 20 is deprecated. The following actions target Node.js 20 but are being forced to run on Node.js 24: actions/checkout@v4. For more information see: https://github.blog/changelog/2025-09-19-deprecation-of-node-20-on-github-actions-runners/
